
There are no discarded input sections

Memory Configuration

Name             Origin             Length             Attributes
FLASH            0x08000000         0x00100000         xr
SRAM             0x20000000         0x00020000         xrw
*default*        0x00000000         0xffffffff

Linker script and memory map

LOAD ./startup.o
LOAD ./main.o
LOAD gpio.o
LOAD rcc.o
LOAD syscfg.o
LOAD exti.o
LOAD usart.o
LOAD interrupt.o
LOAD morse.o
LOAD nvic.o

.text           0x08000000     0x216c
                0x08000000                        . = ALIGN (0x4)
 *(.IVT)
 .IVT           0x08000000      0x188 ./startup.o
                0x08000000                interrupt_vector_table
 *(.text)
 .text          0x08000188       0x88 ./startup.o
                0x08000188                RTC_Alarm_IRQHandler
                0x08000188                HASH_RNG_IRQHandler
                0x08000188                EXTI2_IRQHandler
                0x08000188                TIM8_CC_IRQHandler
                0x08000188                SVCall_Handler
                0x08000188                TIM1_CC_IRQHandler
                0x08000188                DMA2_Stream5_IRQHandler
                0x08000188                HardFault_Handler
                0x08000188                DMA1_Stream5_IRQHandler
                0x08000188                PVD_IRQHandler
                0x08000188                SDIO_IRQHandler
                0x08000188                TAMP_STAMP_IRQHandler
                0x08000188                PendSV_Handler
                0x08000188                NMI_Handler
                0x08000188                CAN2_RX1_IRQHandler
                0x08000188                EXTI3_IRQHandler
                0x08000188                TIM8_TRG_COM_TIM14_IRQHandler
                0x08000188                TIM1_UP_TIM10_IRQHandler
                0x08000188                TIM8_UP_TIM13_IRQHandler
                0x08000188                I2C3_ER_IRQHandler
                0x08000188                I2C2_EV_IRQHandler
                0x08000188                DMA1_Stream2_IRQHandler
                0x08000188                CAN1_RX0_IRQHandler
                0x08000188                FPU_IRQHandler
                0x08000188                OTG_HS_WKUP_IRQHandler
                0x08000188                UsageFault_Handler
                0x08000188                CAN2_SCE_IRQHandler
                0x08000188                DMA2_Stream2_IRQHandler
                0x08000188                SPI1_IRQHandler
                0x08000188                TIM6_DAC_IRQHandler
                0x08000188                TIM1_BRK_TIM9_IRQHandler
                0x08000188                DCMI_IRQHandler
                0x08000188                CAN2_RX0_IRQHandler
                0x08000188                DMA2_Stream3_IRQHandler
                0x08000188                USART6_IRQHandler
                0x08000188                USART3_IRQHandler
                0x08000188                CRYP_IRQHandler
                0x08000188                CAN1_RX1_IRQHandler
                0x08000188                UART5_IRQHandler
                0x08000188                DMA2_Stream0_IRQHandler
                0x08000188                TIM4_IRQHandler
                0x08000188                I2C1_EV_IRQHandler
                0x08000188                DMA1_Stream6_IRQHandler
                0x08000188                DMA1_Stream1_IRQHandler
                0x08000188                UART4_IRQHandler
                0x08000188                TIM3_IRQHandler
                0x08000188                RCC_IRQHandler
                0x08000188                TIM8_BRK_TIM12_IRQHandler
                0x08000188                Default_Handler
                0x08000188                EXTI15_10_IRQHandler
                0x08000188                ADC_IRQHandler
                0x08000188                DMA1_Stream7_IRQHandler
                0x08000188                TIM7_IRQHandler
                0x08000188                CAN2_TX_IRQHandler
                0x08000188                TIM5_IRQHandler
                0x08000188                DMA2_Stream7_IRQHandler
                0x08000188                I2C3_EV_IRQHandler
                0x08000188                EXTI9_5_IRQHandler
                0x08000188                RTC_WKUP_IRQHandler
                0x08000188                ETH_WKUP_IRQHandler
                0x08000188                SPI2_IRQHandler
                0x08000188                OTG_HS_EP1_IN_IRQHandler
                0x08000188                MemManage_Handler
                0x08000188                DMA1_Stream0_IRQHandler
                0x08000188                CAN1_TX_IRQHandler
                0x08000188                EXTI4_IRQHandler
                0x08000188                FSMC_IRQHandler
                0x08000188                ETH_IRQHandler
                0x08000188                OTG_HS_EP1_OUT_IRQHandler
                0x08000188                WWDG_IRQHandler
                0x08000188                TIM2_IRQHandler
                0x08000188                OTG_FS_WKUP_IRQHandler
                0x08000188                TIM1_TRG_COM_TIM11_IRQHandler
                0x08000188                OTG_HS_IRQHandler
                0x08000188                EXTI1_IRQHandler
                0x08000188                USART2_IRQHandler
                0x08000188                I2C2_ER_IRQHandler
                0x08000188                DMA2_Stream1_IRQHandler
                0x08000188                CAN1_SCE_IRQHandler
                0x08000188                FLASH_IRQHandler
                0x08000188                DMA2_Stream4_IRQHandler
                0x08000188                BusFault_Handler
                0x08000188                USART1_IRQHandler
                0x08000188                OTG_FS_IRQHandler
                0x08000188                SPI3_IRQHandler
                0x08000188                DMA1_Stream4_IRQHandler
                0x08000188                I2C1_ER_IRQHandler
                0x08000188                DebugMonitor_Handler
                0x08000188                DMA2_Stream6_IRQHandler
                0x08000188                DMA1_Stream3_IRQHandler
                0x08000190                Reset_Handler
 .text          0x08000210      0x350 ./main.o
                0x080002b6                USART3_Init
                0x0800033c                Button_IT_Init
                0x08000384                Timer_Init
                0x080003b8                Green_LED_Init
                0x080003e4                usart_puts
                0x08000428                usart_gets
                0x08000498                usart_puts_IT
                0x080004d4                clear_buffer
                0x0800050a                main
 .text          0x08000560      0x5ec gpio.o
                0x0800072e                GPIO_Init
                0x080008ee                GPIO_DeInit
                0x080009c0                GPIO_WritePin
                0x08000a28                GPIO_ReadPin
                0x08000a72                GPIO_TogglePin
                0x08000ab4                GPIO_SetAF
 .text          0x08000b4c      0x530 rcc.o
                0x08000ca0                RCC_AHB1Peri_ClkCtrl
                0x08000cf8                RCC_AHB1Peri_Reset
                0x08000d34                RCC_AHB2Peri_ClkCtrl
                0x08000d8c                RCC_AHB2Peri_Reset
                0x08000dc8                RCC_AHB3Peri_ClkCtrl
                0x08000e20                RCC_AHB3Peri_Reset
                0x08000e5c                RCC_APB1Peri_ClkCtrl
                0x08000eb4                RCC_APB1Peri_Reset
                0x08000ef0                RCC_APB2Peri_ClkCtrl
                0x08000f48                RCC_APB2Peri_Reset
                0x08000f84                RCC_GetClkFreq
 .text          0x0800107c       0x68 syscfg.o
                0x0800107c                SYSCFG_Config_EXTI
                0x080010c8                GPIOx_to_SYSCFG_data
 .text          0x080010e4      0x214 exti.o
                0x0800115a                EXTI_Config
                0x080012c0                EXTI_ClearPendingBit
 .text          0x080012f8      0x670 usart.o
                0x0800131e                USART_Init
                0x080015d4                USART_DeInit
                0x08001694                USART_PeriphCtrl
                0x08001720                USART_Over8Config
                0x080017ac                USART_SendData
                0x08001834                USART_ReceiveData
                0x080018b8                USART_GetFlagStatus
 .text          0x08001968       0x60 interrupt.o
                0x08001968                SysTick_Handler
                0x0800198c                register_EXTI0_callback
                0x080019a8                EXTI0_IRQHandler
 .text          0x080019c8      0x418 morse.o
                0x08001d7c                Morse_LED
 .text          0x08001de0      0x2d0 nvic.o
                0x08001ed4                NVIC_SetPriority
                0x08001fe4                NVIC_PriorGroupConfig
                0x08002010                NVIC_IRQ_Enable
 *(.rodata)
 .rodata        0x080020b0       0x7c ./main.o
 .rodata        0x0800212c       0x3f morse.o
                0x0800216c                        . = ALIGN (0x4)
 *fill*         0x0800216b        0x1 
                0x0800216c                        _etext = .

.glue_7         0x0800216c        0x0
 .glue_7        0x0800216c        0x0 linker stubs

.glue_7t        0x0800216c        0x0
 .glue_7t       0x0800216c        0x0 linker stubs

.vfp11_veneer   0x0800216c        0x0
 .vfp11_veneer  0x0800216c        0x0 linker stubs

.v4_bx          0x0800216c        0x0
 .v4_bx         0x0800216c        0x0 linker stubs

.iplt           0x0800216c        0x0
 .iplt          0x0800216c        0x0 ./startup.o

.rel.dyn        0x0800216c        0x0
 .rel.iplt      0x0800216c        0x0 ./startup.o

.data           0x20000000       0xe0 load address 0x0800216c
                0x0800216c                        _sidata = LOADADDR (.data)
                0x20000000                        . = ALIGN (0x4)
                0x20000000                        _sdata = .
 *(.data)
 .data          0x20000000        0x0 ./startup.o
 .data          0x20000000       0x4e ./main.o
                0x20000000                hello_msg
                0x20000010                enter_msg
 .data          0x2000004e        0x0 gpio.o
 .data          0x2000004e        0x0 rcc.o
 .data          0x2000004e        0x0 syscfg.o
 .data          0x2000004e        0x0 exti.o
 .data          0x2000004e        0x0 usart.o
 .data          0x2000004e        0x0 interrupt.o
 *fill*         0x2000004e        0x2 
 .data          0x20000050       0x90 morse.o
 .data          0x200000e0        0x0 nvic.o
                0x200000e0                        . = ALIGN (0x4)
                0x200000e0                        _edata = .

.igot.plt       0x200000e0        0x0 load address 0x0800224c
 .igot.plt      0x200000e0        0x0 ./startup.o

.bss            0x200000e0       0x6c load address 0x0800224c
                0x200000e0                        . = ALIGN (0x4)
                0x200000e0                        _sbss = .
 *(.bss)
 .bss           0x200000e0        0x0 ./startup.o
 .bss           0x200000e0       0x68 ./main.o
                0x200000e0                trans_msg
                0x20000144                msTicks
 .bss           0x20000148        0x0 gpio.o
 .bss           0x20000148        0x0 rcc.o
 .bss           0x20000148        0x0 syscfg.o
 .bss           0x20000148        0x0 exti.o
 .bss           0x20000148        0x0 usart.o
 .bss           0x20000148        0x4 interrupt.o
 .bss           0x2000014c        0x0 morse.o
 .bss           0x2000014c        0x0 nvic.o
                0x2000014c                        . = ALIGN (0x4)
                0x2000014c                        _ebss = .
OUTPUT(main.elf elf32-littlearm)
LOAD linker stubs

.debug_info     0x00000000     0x3081
 .debug_info    0x00000000      0x171 ./startup.o
 .debug_info    0x00000171      0xb9b ./main.o
 .debug_info    0x00000d0c      0x67f gpio.o
 .debug_info    0x0000138b      0x5ca rcc.o
 .debug_info    0x00001955      0x206 syscfg.o
 .debug_info    0x00001b5b      0x22a exti.o
 .debug_info    0x00001d85      0x479 usart.o
 .debug_info    0x000021fe      0x33d interrupt.o
 .debug_info    0x0000253b      0x4d7 morse.o
 .debug_info    0x00002a12      0x66f nvic.o

.debug_abbrev   0x00000000      0xe58
 .debug_abbrev  0x00000000      0x107 ./startup.o
 .debug_abbrev  0x00000107      0x265 ./main.o
 .debug_abbrev  0x0000036c      0x164 gpio.o
 .debug_abbrev  0x000004d0      0x173 rcc.o
 .debug_abbrev  0x00000643      0x12d syscfg.o
 .debug_abbrev  0x00000770      0x133 exti.o
 .debug_abbrev  0x000008a3      0x18f usart.o
 .debug_abbrev  0x00000a32      0x11c interrupt.o
 .debug_abbrev  0x00000b4e      0x16c morse.o
 .debug_abbrev  0x00000cba      0x19e nvic.o

.debug_aranges  0x00000000      0x140
 .debug_aranges
                0x00000000       0x20 ./startup.o
 .debug_aranges
                0x00000020       0x20 ./main.o
 .debug_aranges
                0x00000040       0x20 gpio.o
 .debug_aranges
                0x00000060       0x20 rcc.o
 .debug_aranges
                0x00000080       0x20 syscfg.o
 .debug_aranges
                0x000000a0       0x20 exti.o
 .debug_aranges
                0x000000c0       0x20 usart.o
 .debug_aranges
                0x000000e0       0x20 interrupt.o
 .debug_aranges
                0x00000100       0x20 morse.o
 .debug_aranges
                0x00000120       0x20 nvic.o

.debug_line     0x00000000     0x1b44
 .debug_line    0x00000000       0xcd ./startup.o
 .debug_line    0x000000cd      0x265 ./main.o
 .debug_line    0x00000332      0x457 gpio.o
 .debug_line    0x00000789      0x3f1 rcc.o
 .debug_line    0x00000b7a       0xdd syscfg.o
 .debug_line    0x00000c57      0x1fb exti.o
 .debug_line    0x00000e52      0x497 usart.o
 .debug_line    0x000012e9       0xd6 interrupt.o
 .debug_line    0x000013bf      0x4f3 morse.o
 .debug_line    0x000018b2      0x292 nvic.o

.debug_str      0x00000000     0x1535
 .debug_str     0x00000000     0x1535 ./startup.o
                                0x1b3 (size before relaxing)
 .debug_str     0x00001535      0xca5 ./main.o
 .debug_str     0x00001535      0x566 gpio.o
 .debug_str     0x00001535      0x46a rcc.o
 .debug_str     0x00001535      0x20f syscfg.o
 .debug_str     0x00001535      0x249 exti.o
 .debug_str     0x00001535      0x43f usart.o
 .debug_str     0x00001535      0x6c9 interrupt.o
 .debug_str     0x00001535      0x40c morse.o
 .debug_str     0x00001535      0x81f nvic.o

.comment        0x00000000       0x26
 .comment       0x00000000       0x26 ./startup.o
                                 0x27 (size before relaxing)
 .comment       0x00000026       0x27 ./main.o
 .comment       0x00000026       0x27 gpio.o
 .comment       0x00000026       0x27 rcc.o
 .comment       0x00000026       0x27 syscfg.o
 .comment       0x00000026       0x27 exti.o
 .comment       0x00000026       0x27 usart.o
 .comment       0x00000026       0x27 interrupt.o
 .comment       0x00000026       0x27 morse.o
 .comment       0x00000026       0x27 nvic.o

.ARM.attributes
                0x00000000       0x2e
 .ARM.attributes
                0x00000000       0x2e ./startup.o
 .ARM.attributes
                0x0000002e       0x2e ./main.o
 .ARM.attributes
                0x0000005c       0x2e gpio.o
 .ARM.attributes
                0x0000008a       0x2e rcc.o
 .ARM.attributes
                0x000000b8       0x2e syscfg.o
 .ARM.attributes
                0x000000e6       0x2e exti.o
 .ARM.attributes
                0x00000114       0x2e usart.o
 .ARM.attributes
                0x00000142       0x2e interrupt.o
 .ARM.attributes
                0x00000170       0x2e morse.o
 .ARM.attributes
                0x0000019e       0x2e nvic.o

.debug_frame    0x00000000      0xfec
 .debug_frame   0x00000000       0x48 ./startup.o
 .debug_frame   0x00000048      0x210 ./main.o
 .debug_frame   0x00000258      0x228 gpio.o
 .debug_frame   0x00000480      0x2e0 rcc.o
 .debug_frame   0x00000760       0x5c syscfg.o
 .debug_frame   0x000007bc       0xd0 exti.o
 .debug_frame   0x0000088c      0x148 usart.o
 .debug_frame   0x000009d4       0x74 interrupt.o
 .debug_frame   0x00000a48      0x484 morse.o
 .debug_frame   0x00000ecc      0x120 nvic.o
